// Jest Snapshot v1, https://goo.gl/fbAQLP

exports[`<OwnerPage /> matches the snapshot 1`] = `
<styled.section>
  <styled.div>
    <styled.aside>
      <withRouter(Connect(MenuContainer)) />
      <Footer />
    </styled.aside>
    <styled.article>
      <styled.p>
        Choose a repository on the menu.
      </styled.p>
    </styled.article>
  </styled.div>
</styled.section>
`;
