// Jest Snapshot v1, https://goo.gl/fbAQLP

exports[`<RepoPage /> matches the snapshot 1`] = `
<styled.section>
  <HelmetWrapper
    defer={true}
    encodeSpecialCharacters={true}
  >
    <title>
       - Github Repos
    </title>
  </HelmetWrapper>
  <styled.div>
    <styled.aside>
      <withRouter(Connect(MenuContainer)) />
      <Footer />
    </styled.aside>
    <styled.article>
      <withRouter(Connect(RepoContainer)) />
    </styled.article>
  </styled.div>
</styled.section>
`;
