// Jest Snapshot v1, https://goo.gl/fbAQLP

exports[`<Link /> matches the snapshot 1`] = `
<Styled(NavLink)
  to="/r/owner1/repo1"
>
  <Styled(RepoIcon) />
  <styled.span>
    repo1
     
    (
    <styled.span
      title="number of contributors"
    >
      10
    </styled.span>
    )
  </styled.span>
</Styled(NavLink)>
`;
