// Jest Snapshot v1, https://goo.gl/fbAQLP

exports[`Helpers (Services) fetchContributors returns contributors from a repo 1`] = `
Object {
  "data": Array [
    Object {
      "avatar_url": "http://avatar_url/",
      "html_url": "http://html_url/",
      "login": "user1",
      Symbol(id): "$ROOT_QUERY.contributors({\\"repo\\":\\"some-repo\\"}).data.0",
    },
  ],
  "nextPage": 2,
  Symbol(id): "$ROOT_QUERY.contributors({\\"repo\\":\\"some-repo\\"})",
}
`;

exports[`Helpers (Services) fetchRepo returns data from a repo 1`] = `
Object {
  "description": "",
  "forks_count": 1,
  "html_url": "",
  "license": Object {
    "name": "",
    Symbol(id): "$ROOT_QUERY.repo({\\"name\\":\\"some-repo\\"}).license",
  },
  "name": "repo1",
  "open_issues_count": 1,
  "stargazers_count": 1,
  "subscribers_count": 1,
  Symbol(id): "$ROOT_QUERY.repo({\\"name\\":\\"some-repo\\"})",
}
`;

exports[`Helpers (Services) fetchRepos returns repos from an organization 1`] = `
Array [
  Array [
    "repo1",
    2,
  ],
]
`;
